
There are no discarded input sections

Memory Configuration

Name             Origin             Length             Attributes
*default*        0x00000000         0xffffffff

Linker script and memory map

LOAD /home/tobias/code/OSDev/build/kernel/asm/in_out.obj
LOAD /home/tobias/code/OSDev/build/kernel/c/io.obj
LOAD /home/tobias/code/OSDev/build/kernel/c/kernel.obj
LOAD /home/tobias/code/OSDev/build/kernel/c/memory.obj
LOAD /home/tobias/code/OSDev/build/kernel/c/stdio.obj
LOAD /home/tobias/code/OSDev/build/kernel/c/arch/i686/isrs_gen.obj
LOAD /usr/lib/gcc/i686-elf/11.2.0/libgcc.a
                0x00100000                        phys = 0x100000
                0x00100000                        . = phys

.entry          0x00100000       0x38
                0x00100000                        __entry_start = .
 *(.entry)
 .entry         0x00100000       0x38 /home/tobias/code/OSDev/build/kernel/c/kernel.obj
                0x00100000                start

.text           0x00100040      0x666
                0x00100040                        __text_start = .
 *(.text)
 .text          0x00100040       0x1d /home/tobias/code/OSDev/build/kernel/asm/in_out.obj
                0x00100040                i686_out
                0x0010004b                i686_in
                0x00100054                i686_Panic
                0x00100056                i686_EnableInterrupts
                0x00100058                i686_DisableInterrupts
                0x0010005a                crash_me
 .text          0x0010005d       0x1b /home/tobias/code/OSDev/build/kernel/c/io.obj
                0x0010005d                i686_iowait
 .text          0x00100078        0x0 /home/tobias/code/OSDev/build/kernel/c/kernel.obj
 .text          0x00100078      0x11e /home/tobias/code/OSDev/build/kernel/c/memory.obj
                0x00100078                memcpy
                0x001000ca                memset
                0x0010010d                memcmp
                0x0010016d                segoffset_to_linear
 .text          0x00100196      0x510 /home/tobias/code/OSDev/build/kernel/c/stdio.obj
                0x00100196                putchr
                0x001001c5                putcolor
                0x001001f7                getchr
                0x00100219                getcolor
                0x0010023e                clrscr
                0x001002cc                setcursor
                0x0010033d                scrollback
                0x0010042b                putc
                0x00100550                puts
                0x0010057f                int_to_string
                0x0010067f                putn
 .text          0x001006a6        0x0 /home/tobias/code/OSDev/build/kernel/c/arch/i686/isrs_gen.obj

.data           0x001006a8        0x4
                0x001006a8                        __data_start = .
 *(.data)
 .data          0x001006a8        0x0 /home/tobias/code/OSDev/build/kernel/c/io.obj
 .data          0x001006a8        0x0 /home/tobias/code/OSDev/build/kernel/c/kernel.obj
 .data          0x001006a8        0x0 /home/tobias/code/OSDev/build/kernel/c/memory.obj
 .data          0x001006a8        0x4 /home/tobias/code/OSDev/build/kernel/c/stdio.obj
                0x001006a8                ScreenBuffer
 .data          0x001006ac        0x0 /home/tobias/code/OSDev/build/kernel/c/arch/i686/isrs_gen.obj

.rodata         0x001006ac       0x11
                0x001006ac                        __rodata_start = .
 *(.rodata)
 .rodata        0x001006ac        0x8 /home/tobias/code/OSDev/build/kernel/c/kernel.obj
 .rodata        0x001006b4        0x9 /home/tobias/code/OSDev/build/kernel/c/stdio.obj
                0x001006b4                SCREEN_WIDTH
                0x001006b8                SCREEN_HEIGHT
                0x001006bc                DEFAULT_COLOR

.bss            0x001006c0        0x8
                0x001006c0                        __bss_start = .
 *(.bss)
 .bss           0x001006c0        0x0 /home/tobias/code/OSDev/build/kernel/c/io.obj
 .bss           0x001006c0        0x0 /home/tobias/code/OSDev/build/kernel/c/kernel.obj
 .bss           0x001006c0        0x0 /home/tobias/code/OSDev/build/kernel/c/memory.obj
 .bss           0x001006c0        0x8 /home/tobias/code/OSDev/build/kernel/c/stdio.obj
                0x001006c0                ScreenX
                0x001006c4                ScreenY
 .bss           0x001006c8        0x0 /home/tobias/code/OSDev/build/kernel/c/arch/i686/isrs_gen.obj
                0x001006c8                        __end = .
OUTPUT(/home/tobias/code/OSDev/build/kernel.bin binary)

.debug_info     0x00000000      0x8ad
 .debug_info    0x00000000       0x9e /home/tobias/code/OSDev/build/kernel/c/io.obj
 .debug_info    0x0000009e      0x1bb /home/tobias/code/OSDev/build/kernel/c/kernel.obj
 .debug_info    0x00000259      0x23e /home/tobias/code/OSDev/build/kernel/c/memory.obj
 .debug_info    0x00000497      0x416 /home/tobias/code/OSDev/build/kernel/c/stdio.obj

.debug_abbrev   0x00000000      0x387
 .debug_abbrev  0x00000000       0x62 /home/tobias/code/OSDev/build/kernel/c/io.obj
 .debug_abbrev  0x00000062       0xeb /home/tobias/code/OSDev/build/kernel/c/kernel.obj
 .debug_abbrev  0x0000014d       0xc7 /home/tobias/code/OSDev/build/kernel/c/memory.obj
 .debug_abbrev  0x00000214      0x173 /home/tobias/code/OSDev/build/kernel/c/stdio.obj

.debug_aranges  0x00000000       0x80
 .debug_aranges
                0x00000000       0x20 /home/tobias/code/OSDev/build/kernel/c/io.obj
 .debug_aranges
                0x00000020       0x20 /home/tobias/code/OSDev/build/kernel/c/kernel.obj
 .debug_aranges
                0x00000040       0x20 /home/tobias/code/OSDev/build/kernel/c/memory.obj
 .debug_aranges
                0x00000060       0x20 /home/tobias/code/OSDev/build/kernel/c/stdio.obj

.debug_line     0x00000000      0x430
 .debug_line    0x00000000       0x56 /home/tobias/code/OSDev/build/kernel/c/io.obj
 .debug_line    0x00000056       0x66 /home/tobias/code/OSDev/build/kernel/c/kernel.obj
 .debug_line    0x000000bc      0x100 /home/tobias/code/OSDev/build/kernel/c/memory.obj
 .debug_line    0x000001bc      0x274 /home/tobias/code/OSDev/build/kernel/c/stdio.obj
 .debug_line    0x00000430        0x0 /home/tobias/code/OSDev/build/kernel/c/arch/i686/isrs_gen.obj

.debug_str      0x00000000      0x5b9
 .debug_str     0x00000000       0xe8 /home/tobias/code/OSDev/build/kernel/c/io.obj
 .debug_str     0x000000e8      0x179 /home/tobias/code/OSDev/build/kernel/c/kernel.obj
 .debug_str     0x00000261      0x151 /home/tobias/code/OSDev/build/kernel/c/memory.obj
 .debug_str     0x000003b2      0x1bc /home/tobias/code/OSDev/build/kernel/c/stdio.obj
 .debug_str     0x0000056e       0x4b /home/tobias/code/OSDev/build/kernel/c/arch/i686/isrs_gen.obj

.debug_line_str
                0x00000000      0x1f9
 .debug_line_str
                0x00000000       0x63 /home/tobias/code/OSDev/build/kernel/c/io.obj
 .debug_line_str
                0x00000063       0x88 /home/tobias/code/OSDev/build/kernel/c/kernel.obj
 .debug_line_str
                0x000000eb       0x6a /home/tobias/code/OSDev/build/kernel/c/memory.obj
 .debug_line_str
                0x00000155       0x6c /home/tobias/code/OSDev/build/kernel/c/stdio.obj
 .debug_line_str
                0x000001c1       0x38 /home/tobias/code/OSDev/build/kernel/c/arch/i686/isrs_gen.obj

.comment        0x00000000       0x5f
 .comment       0x00000000       0x13 /home/tobias/code/OSDev/build/kernel/c/io.obj
 .comment       0x00000013       0x13 /home/tobias/code/OSDev/build/kernel/c/kernel.obj
 .comment       0x00000026       0x13 /home/tobias/code/OSDev/build/kernel/c/memory.obj
 .comment       0x00000039       0x13 /home/tobias/code/OSDev/build/kernel/c/stdio.obj
 .comment       0x0000004c       0x13 /home/tobias/code/OSDev/build/kernel/c/arch/i686/isrs_gen.obj

.debug_frame    0x00000000      0x26c
 .debug_frame   0x00000000       0x34 /home/tobias/code/OSDev/build/kernel/c/io.obj
 .debug_frame   0x00000034       0x2c /home/tobias/code/OSDev/build/kernel/c/kernel.obj
 .debug_frame   0x00000060       0x94 /home/tobias/code/OSDev/build/kernel/c/memory.obj
 .debug_frame   0x000000f4      0x178 /home/tobias/code/OSDev/build/kernel/c/stdio.obj

.debug_rnglists
                0x00000000       0x13
 .debug_rnglists
                0x00000000       0x13 /home/tobias/code/OSDev/build/kernel/c/kernel.obj
