
There are no discarded input sections

Memory Configuration

Name             Origin             Length             Attributes
*default*        0x00000000         0xffffffff

Linker script and memory map

LOAD /home/tobias/code/OSDev/build/kernel/asm/in_out.obj
LOAD /home/tobias/code/OSDev/build/kernel/c/io.obj
LOAD /home/tobias/code/OSDev/build/kernel/c/kernel.obj
LOAD /home/tobias/code/OSDev/build/kernel/c/stdio.obj
LOAD /home/tobias/code/OSDev/build/kernel/c/arch/i686/isrs_gen.obj
LOAD /usr/lib/gcc/i686-elf/11.2.0/libgcc.a
                0x00100000                        phys = 0x100000
                0x00100000                        . = phys

.entry          0x00100000        0x0
                0x00100000                        __entry_start = .
 *(.entry)

.text           0x00100000      0x560
                0x00100000                        __text_start = .
 *(.text)
 .text          0x00100000       0x1d /home/tobias/code/OSDev/build/kernel/asm/in_out.obj
                0x00100000                i686_out
                0x0010000b                i686_in
                0x00100014                i686_Panic
                0x00100016                i686_EnableInterrupts
                0x00100018                i686_DisableInterrupts
                0x0010001a                crash_me
 .text          0x0010001d       0x1b /home/tobias/code/OSDev/build/kernel/c/io.obj
                0x0010001d                i686_iowait
 .text          0x00100038       0x18 /home/tobias/code/OSDev/build/kernel/c/kernel.obj
                0x00100038                start
 .text          0x00100050      0x510 /home/tobias/code/OSDev/build/kernel/c/stdio.obj
                0x00100050                putchr
                0x0010007f                putcolor
                0x001000b1                getchr
                0x001000d3                getcolor
                0x001000f8                clrscr
                0x00100186                setcursor
                0x001001f7                scrollback
                0x001002e5                putc
                0x0010040a                puts
                0x00100439                int_to_string
                0x00100539                putn
 .text          0x00100560        0x0 /home/tobias/code/OSDev/build/kernel/c/arch/i686/isrs_gen.obj

.data           0x00100560        0x4
                0x00100560                        __data_start = .
 *(.data)
 .data          0x00100560        0x0 /home/tobias/code/OSDev/build/kernel/c/io.obj
 .data          0x00100560        0x0 /home/tobias/code/OSDev/build/kernel/c/kernel.obj
 .data          0x00100560        0x4 /home/tobias/code/OSDev/build/kernel/c/stdio.obj
                0x00100560                ScreenBuffer
 .data          0x00100564        0x0 /home/tobias/code/OSDev/build/kernel/c/arch/i686/isrs_gen.obj

.rodata         0x00100564       0x11
                0x00100564                        __rodata_start = .
 *(.rodata)
 .rodata        0x00100564        0x8 /home/tobias/code/OSDev/build/kernel/c/kernel.obj
 .rodata        0x0010056c        0x9 /home/tobias/code/OSDev/build/kernel/c/stdio.obj
                0x0010056c                SCREEN_WIDTH
                0x00100570                SCREEN_HEIGHT
                0x00100574                DEFAULT_COLOR

.bss            0x00100578        0x8
                0x00100578                        __bss_start = .
 *(.bss)
 .bss           0x00100578        0x0 /home/tobias/code/OSDev/build/kernel/c/io.obj
 .bss           0x00100578        0x0 /home/tobias/code/OSDev/build/kernel/c/kernel.obj
 .bss           0x00100578        0x8 /home/tobias/code/OSDev/build/kernel/c/stdio.obj
                0x00100578                ScreenX
                0x0010057c                ScreenY
 .bss           0x00100580        0x0 /home/tobias/code/OSDev/build/kernel/c/arch/i686/isrs_gen.obj
                0x00100580                        __end = .
OUTPUT(/home/tobias/code/OSDev/build/kernel.bin binary)

.debug_info     0x00000000      0x549
 .debug_info    0x00000000       0x9e /home/tobias/code/OSDev/build/kernel/c/io.obj
 .debug_info    0x0000009e       0x95 /home/tobias/code/OSDev/build/kernel/c/kernel.obj
 .debug_info    0x00000133      0x416 /home/tobias/code/OSDev/build/kernel/c/stdio.obj

.debug_abbrev   0x00000000      0x23c
 .debug_abbrev  0x00000000       0x62 /home/tobias/code/OSDev/build/kernel/c/io.obj
 .debug_abbrev  0x00000062       0x67 /home/tobias/code/OSDev/build/kernel/c/kernel.obj
 .debug_abbrev  0x000000c9      0x173 /home/tobias/code/OSDev/build/kernel/c/stdio.obj

.debug_aranges  0x00000000       0x60
 .debug_aranges
                0x00000000       0x20 /home/tobias/code/OSDev/build/kernel/c/io.obj
 .debug_aranges
                0x00000020       0x20 /home/tobias/code/OSDev/build/kernel/c/kernel.obj
 .debug_aranges
                0x00000040       0x20 /home/tobias/code/OSDev/build/kernel/c/stdio.obj

.debug_line     0x00000000      0x31c
 .debug_line    0x00000000       0x56 /home/tobias/code/OSDev/build/kernel/c/io.obj
 .debug_line    0x00000056       0x52 /home/tobias/code/OSDev/build/kernel/c/kernel.obj
 .debug_line    0x000000a8      0x274 /home/tobias/code/OSDev/build/kernel/c/stdio.obj
 .debug_line    0x0000031c        0x0 /home/tobias/code/OSDev/build/kernel/c/arch/i686/isrs_gen.obj

.debug_str      0x00000000      0x3c1
 .debug_str     0x00000000       0xe8 /home/tobias/code/OSDev/build/kernel/c/io.obj
 .debug_str     0x000000e8       0xd2 /home/tobias/code/OSDev/build/kernel/c/kernel.obj
 .debug_str     0x000001ba      0x1bc /home/tobias/code/OSDev/build/kernel/c/stdio.obj
 .debug_str     0x00000376       0x4b /home/tobias/code/OSDev/build/kernel/c/arch/i686/isrs_gen.obj

.debug_line_str
                0x00000000      0x170
 .debug_line_str
                0x00000000       0x63 /home/tobias/code/OSDev/build/kernel/c/io.obj
 .debug_line_str
                0x00000063       0x69 /home/tobias/code/OSDev/build/kernel/c/kernel.obj
 .debug_line_str
                0x000000cc       0x6c /home/tobias/code/OSDev/build/kernel/c/stdio.obj
 .debug_line_str
                0x00000138       0x38 /home/tobias/code/OSDev/build/kernel/c/arch/i686/isrs_gen.obj

.comment        0x00000000       0x4c
 .comment       0x00000000       0x13 /home/tobias/code/OSDev/build/kernel/c/io.obj
 .comment       0x00000013       0x13 /home/tobias/code/OSDev/build/kernel/c/kernel.obj
 .comment       0x00000026       0x13 /home/tobias/code/OSDev/build/kernel/c/stdio.obj
 .comment       0x00000039       0x13 /home/tobias/code/OSDev/build/kernel/c/arch/i686/isrs_gen.obj

.debug_frame    0x00000000      0x1d8
 .debug_frame   0x00000000       0x34 /home/tobias/code/OSDev/build/kernel/c/io.obj
 .debug_frame   0x00000034       0x2c /home/tobias/code/OSDev/build/kernel/c/kernel.obj
 .debug_frame   0x00000060      0x178 /home/tobias/code/OSDev/build/kernel/c/stdio.obj
