
There are no discarded input sections

Memory Configuration

Name             Origin             Length             Attributes
*default*        0x00000000         0xffffffff

Linker script and memory map

LOAD /home/tobias/code/OSDev/build/stage2/asm/entry.obj
LOAD /home/tobias/code/OSDev/build/stage2/asm/x86.obj
LOAD /home/tobias/code/OSDev/build/stage2/c/bin.obj
LOAD /home/tobias/code/OSDev/build/stage2/c/disk.obj
LOAD /home/tobias/code/OSDev/build/stage2/c/fat.obj
LOAD /home/tobias/code/OSDev/build/stage2/c/main.obj
LOAD /home/tobias/code/OSDev/build/stage2/c/mbr.obj
LOAD /home/tobias/code/OSDev/build/stage2/c/memory.obj
LOAD /home/tobias/code/OSDev/build/stage2/c/stdio.obj
LOAD /home/tobias/code/OSDev/build/stage2/c/string.obj
LOAD /usr/lib/gcc/i686-elf/11.2.0/libgcc.a
                0x00000500                        phys = 0x500
                0x00000500                        . = phys

.entry          0x00000500       0xcc
                0x00000500                        __entry_start = .
 *(.entry)
 .entry         0x00000500       0xcc /home/tobias/code/OSDev/build/stage2/asm/entry.obj
                0x00000500                entry

.text           0x000005d0     0x17d1
                0x000005d0                        __text_start = .
 *(.text)
 .text          0x000005d0      0x1a5 /home/tobias/code/OSDev/build/stage2/asm/x86.obj
                0x000005d0                x86_out
                0x000005db                x86_in
                0x000005e4                x86_Disk_GetDriveParams
                0x000006a7                x86_DiskReset
                0x000006f7                x86_DiskRead
 .text          0x00000775       0xa2 /home/tobias/code/OSDev/build/stage2/c/bin.obj
                0x00000775                BIN_Read
 .text          0x00000817      0x191 /home/tobias/code/OSDev/build/stage2/c/disk.obj
                0x00000817                DiskInit
                0x0000087f                lbaToChs
                0x0000090c                DiskRead
 .text          0x000009a8      0xacf /home/tobias/code/OSDev/build/stage2/c/fat.obj
                0x000009a8                FAT_ReadBS
                0x000009c5                FAT_ReadFat
                0x000009f9                FAT_INIT
                0x00000c5a                FAT_cluster_to_lba
                0x00000c7b                FAT_CLOSE
                0x00000cc9                FAT_OpenEntry
                0x00000ece                FAT_NextCluster
                0x00000f1b                FAT_READ
                0x00001166                FAT_READ_ENTRY
                0x00001187                FAT_GetShortName
                0x00001280                FAT_FIND_FILE
                0x0000130c                FAT_OPEN
 .text          0x00001477       0xc1 /home/tobias/code/OSDev/build/stage2/c/main.obj
                0x00001477                start
 .text          0x00001538       0xaa /home/tobias/code/OSDev/build/stage2/c/mbr.obj
                0x00001538                detectPartition
                0x000015b2                Part_ReadSectors
 .text          0x000015e2      0x11e /home/tobias/code/OSDev/build/stage2/c/memory.obj
                0x000015e2                memcpy
                0x00001634                memset
                0x00001677                memcmp
                0x000016d7                segoffset_to_linear
 .text          0x00001700      0x510 /home/tobias/code/OSDev/build/stage2/c/stdio.obj
                0x00001700                putchr
                0x0000172f                putcolor
                0x00001761                getchr
                0x00001783                getcolor
                0x000017a8                clrscr
                0x00001836                setcursor
                0x000018a7                scrollback
                0x00001995                putc
                0x00001aba                puts
                0x00001ae9                int_to_string
                0x00001be9                putn
 .text          0x00001c10      0x191 /home/tobias/code/OSDev/build/stage2/c/string.obj
                0x00001c10                strlen
                0x00001c34                strchr
                0x00001c72                strcpy
                0x00001cc6                strcmp
                0x00001d4f                islower
                0x00001d75                toupper

.data           0x00001da4        0xc
                0x00001da4                        __data_start = .
 *(.data)
 .data          0x00001da4        0x0 /home/tobias/code/OSDev/build/stage2/c/bin.obj
 .data          0x00001da4        0x0 /home/tobias/code/OSDev/build/stage2/c/disk.obj
 .data          0x00001da4        0x0 /home/tobias/code/OSDev/build/stage2/c/fat.obj
 .data          0x00001da4        0x8 /home/tobias/code/OSDev/build/stage2/c/main.obj
                0x00001da4                KernelLoadBuffer
                0x00001da8                Kernel
 .data          0x00001dac        0x0 /home/tobias/code/OSDev/build/stage2/c/mbr.obj
 .data          0x00001dac        0x0 /home/tobias/code/OSDev/build/stage2/c/memory.obj
 .data          0x00001dac        0x4 /home/tobias/code/OSDev/build/stage2/c/stdio.obj
                0x00001dac                ScreenBuffer
 .data          0x00001db0        0x0 /home/tobias/code/OSDev/build/stage2/c/string.obj

.rodata         0x00001db0      0x201
                0x00001db0                        __rodata_start = .
 *(.rodata)
 .rodata        0x00001db0       0x28 /home/tobias/code/OSDev/build/stage2/c/bin.obj
 .rodata        0x00001dd8      0x143 /home/tobias/code/OSDev/build/stage2/c/fat.obj
 *fill*         0x00001f1b        0x1 
 .rodata        0x00001f1c       0x89 /home/tobias/code/OSDev/build/stage2/c/main.obj
 *fill*         0x00001fa5        0x3 
 .rodata        0x00001fa8        0x9 /home/tobias/code/OSDev/build/stage2/c/stdio.obj
                0x00001fa8                SCREEN_WIDTH
                0x00001fac                SCREEN_HEIGHT
                0x00001fb0                DEFAULT_COLOR

.bss            0x00001fb4       0x20
                0x00001fb4                        __bss_start = .
 *(.bss)
 .bss           0x00001fb4        0x0 /home/tobias/code/OSDev/build/stage2/c/bin.obj
 .bss           0x00001fb4        0x0 /home/tobias/code/OSDev/build/stage2/c/disk.obj
 .bss           0x00001fb4        0xc /home/tobias/code/OSDev/build/stage2/c/fat.obj
 .bss           0x00001fc0        0xc /home/tobias/code/OSDev/build/stage2/c/main.obj
                0x00001fc0                bootParams
 .bss           0x00001fcc        0x0 /home/tobias/code/OSDev/build/stage2/c/mbr.obj
 .bss           0x00001fcc        0x0 /home/tobias/code/OSDev/build/stage2/c/memory.obj
 .bss           0x00001fcc        0x8 /home/tobias/code/OSDev/build/stage2/c/stdio.obj
                0x00001fcc                ScreenX
                0x00001fd0                ScreenY
 .bss           0x00001fd4        0x0 /home/tobias/code/OSDev/build/stage2/c/string.obj
                0x00001fd4                        __end = .
OUTPUT(/home/tobias/code/OSDev/build/stage2.bin binary)

.debug_info     0x00000000     0x1c4d
 .debug_info    0x00000000      0x24b /home/tobias/code/OSDev/build/stage2/c/bin.obj
 .debug_info    0x0000024b      0x2a3 /home/tobias/code/OSDev/build/stage2/c/disk.obj
 .debug_info    0x000004ee      0xa0c /home/tobias/code/OSDev/build/stage2/c/fat.obj
 .debug_info    0x00000efa      0x2c4 /home/tobias/code/OSDev/build/stage2/c/main.obj
 .debug_info    0x000011be      0x274 /home/tobias/code/OSDev/build/stage2/c/mbr.obj
 .debug_info    0x00001432      0x23e /home/tobias/code/OSDev/build/stage2/c/memory.obj
 .debug_info    0x00001670      0x416 /home/tobias/code/OSDev/build/stage2/c/stdio.obj
 .debug_info    0x00001a86      0x1c7 /home/tobias/code/OSDev/build/stage2/c/string.obj

.debug_abbrev   0x00000000      0xa04
 .debug_abbrev  0x00000000       0xfe /home/tobias/code/OSDev/build/stage2/c/bin.obj
 .debug_abbrev  0x000000fe      0x140 /home/tobias/code/OSDev/build/stage2/c/disk.obj
 .debug_abbrev  0x0000023e      0x264 /home/tobias/code/OSDev/build/stage2/c/fat.obj
 .debug_abbrev  0x000004a2      0x137 /home/tobias/code/OSDev/build/stage2/c/main.obj
 .debug_abbrev  0x000005d9      0x116 /home/tobias/code/OSDev/build/stage2/c/mbr.obj
 .debug_abbrev  0x000006ef       0xc7 /home/tobias/code/OSDev/build/stage2/c/memory.obj
 .debug_abbrev  0x000007b6      0x173 /home/tobias/code/OSDev/build/stage2/c/stdio.obj
 .debug_abbrev  0x00000929       0xdb /home/tobias/code/OSDev/build/stage2/c/string.obj

.debug_aranges  0x00000000      0x100
 .debug_aranges
                0x00000000       0x20 /home/tobias/code/OSDev/build/stage2/c/bin.obj
 .debug_aranges
                0x00000020       0x20 /home/tobias/code/OSDev/build/stage2/c/disk.obj
 .debug_aranges
                0x00000040       0x20 /home/tobias/code/OSDev/build/stage2/c/fat.obj
 .debug_aranges
                0x00000060       0x20 /home/tobias/code/OSDev/build/stage2/c/main.obj
 .debug_aranges
                0x00000080       0x20 /home/tobias/code/OSDev/build/stage2/c/mbr.obj
 .debug_aranges
                0x000000a0       0x20 /home/tobias/code/OSDev/build/stage2/c/memory.obj
 .debug_aranges
                0x000000c0       0x20 /home/tobias/code/OSDev/build/stage2/c/stdio.obj
 .debug_aranges
                0x000000e0       0x20 /home/tobias/code/OSDev/build/stage2/c/string.obj

.debug_line     0x00000000      0xc3a
 .debug_line    0x00000000       0x8a /home/tobias/code/OSDev/build/stage2/c/bin.obj
 .debug_line    0x0000008a       0xe4 /home/tobias/code/OSDev/build/stage2/c/disk.obj
 .debug_line    0x0000016e      0x4e9 /home/tobias/code/OSDev/build/stage2/c/fat.obj
 .debug_line    0x00000657       0x91 /home/tobias/code/OSDev/build/stage2/c/main.obj
 .debug_line    0x000006e8       0xa6 /home/tobias/code/OSDev/build/stage2/c/mbr.obj
 .debug_line    0x0000078e      0x100 /home/tobias/code/OSDev/build/stage2/c/memory.obj
 .debug_line    0x0000088e      0x274 /home/tobias/code/OSDev/build/stage2/c/stdio.obj
 .debug_line    0x00000b02      0x138 /home/tobias/code/OSDev/build/stage2/c/string.obj

.debug_str      0x00000000     0x102c
 .debug_str     0x00000000      0x18c /home/tobias/code/OSDev/build/stage2/c/bin.obj
 .debug_str     0x0000018c      0x175 /home/tobias/code/OSDev/build/stage2/c/disk.obj
 .debug_str     0x00000301      0x56e /home/tobias/code/OSDev/build/stage2/c/fat.obj
 .debug_str     0x0000086f      0x1f5 /home/tobias/code/OSDev/build/stage2/c/main.obj
 .debug_str     0x00000a64      0x1a6 /home/tobias/code/OSDev/build/stage2/c/mbr.obj
 .debug_str     0x00000c0a      0x151 /home/tobias/code/OSDev/build/stage2/c/memory.obj
 .debug_str     0x00000d5b      0x1bb /home/tobias/code/OSDev/build/stage2/c/stdio.obj
 .debug_str     0x00000f16      0x116 /home/tobias/code/OSDev/build/stage2/c/string.obj

.debug_line_str
                0x00000000      0x41c
 .debug_line_str
                0x00000000       0x8b /home/tobias/code/OSDev/build/stage2/c/bin.obj
 .debug_line_str
                0x0000008b       0x7d /home/tobias/code/OSDev/build/stage2/c/disk.obj
 .debug_line_str
                0x00000108       0x94 /home/tobias/code/OSDev/build/stage2/c/fat.obj
 .debug_line_str
                0x0000019c       0x98 /home/tobias/code/OSDev/build/stage2/c/main.obj
 .debug_line_str
                0x00000234       0x83 /home/tobias/code/OSDev/build/stage2/c/mbr.obj
 .debug_line_str
                0x000002b7       0x76 /home/tobias/code/OSDev/build/stage2/c/memory.obj
 .debug_line_str
                0x0000032d       0x79 /home/tobias/code/OSDev/build/stage2/c/stdio.obj
 .debug_line_str
                0x000003a6       0x76 /home/tobias/code/OSDev/build/stage2/c/string.obj

.comment        0x00000000       0x98
 .comment       0x00000000       0x13 /home/tobias/code/OSDev/build/stage2/c/bin.obj
 .comment       0x00000013       0x13 /home/tobias/code/OSDev/build/stage2/c/disk.obj
 .comment       0x00000026       0x13 /home/tobias/code/OSDev/build/stage2/c/fat.obj
 .comment       0x00000039       0x13 /home/tobias/code/OSDev/build/stage2/c/main.obj
 .comment       0x0000004c       0x13 /home/tobias/code/OSDev/build/stage2/c/mbr.obj
 .comment       0x0000005f       0x13 /home/tobias/code/OSDev/build/stage2/c/memory.obj
 .comment       0x00000072       0x13 /home/tobias/code/OSDev/build/stage2/c/stdio.obj
 .comment       0x00000085       0x13 /home/tobias/code/OSDev/build/stage2/c/string.obj

.debug_frame    0x00000000      0x5b8
 .debug_frame   0x00000000       0x34 /home/tobias/code/OSDev/build/stage2/c/bin.obj
 .debug_frame   0x00000034       0x80 /home/tobias/code/OSDev/build/stage2/c/disk.obj
 .debug_frame   0x000000b4      0x1a4 /home/tobias/code/OSDev/build/stage2/c/fat.obj
 .debug_frame   0x00000258       0x2c /home/tobias/code/OSDev/build/stage2/c/main.obj
 .debug_frame   0x00000284       0x54 /home/tobias/code/OSDev/build/stage2/c/mbr.obj
 .debug_frame   0x000002d8       0x94 /home/tobias/code/OSDev/build/stage2/c/memory.obj
 .debug_frame   0x0000036c      0x178 /home/tobias/code/OSDev/build/stage2/c/stdio.obj
 .debug_frame   0x000004e4       0xd4 /home/tobias/code/OSDev/build/stage2/c/string.obj
