
There are no discarded input sections

Memory Configuration

Name             Origin             Length             Attributes
*default*        0x00000000         0xffffffff

Linker script and memory map

LOAD /home/tobias/code/OSDev/build/stage2/asm/entry.obj
LOAD /home/tobias/code/OSDev/build/stage2/asm/x86.obj
LOAD /home/tobias/code/OSDev/build/stage2/c/bin.obj
LOAD /home/tobias/code/OSDev/build/stage2/c/disk.obj
LOAD /home/tobias/code/OSDev/build/stage2/c/fat.obj
LOAD /home/tobias/code/OSDev/build/stage2/c/main.obj
LOAD /home/tobias/code/OSDev/build/stage2/c/mbr.obj
LOAD /home/tobias/code/OSDev/build/stage2/c/memory.obj
LOAD /home/tobias/code/OSDev/build/stage2/c/stdio.obj
LOAD /home/tobias/code/OSDev/build/stage2/c/string.obj
LOAD /usr/lib/gcc/i686-elf/11.2.0/libgcc.a
                0x00000500                        phys = 0x500
                0x00000500                        . = phys

.entry          0x00000500       0xcc
                0x00000500                        __entry_start = .
 *(.entry)
 .entry         0x00000500       0xcc /home/tobias/code/OSDev/build/stage2/asm/entry.obj
                0x00000500                entry

.text           0x000005d0     0x180a
                0x000005d0                        __text_start = .
 *(.text)
 .text          0x000005d0      0x1a5 /home/tobias/code/OSDev/build/stage2/asm/x86.obj
                0x000005d0                x86_out
                0x000005db                x86_in
                0x000005e4                x86_Disk_GetDriveParams
                0x000006a7                x86_DiskReset
                0x000006f7                x86_DiskRead
 .text          0x00000775       0xa6 /home/tobias/code/OSDev/build/stage2/c/bin.obj
                0x00000775                BIN_Read
 .text          0x0000081b      0x1af /home/tobias/code/OSDev/build/stage2/c/disk.obj
                0x0000081b                DiskInit
                0x00000883                lbaToChs
                0x00000910                DiskRead
 .text          0x000009ca      0xac7 /home/tobias/code/OSDev/build/stage2/c/fat.obj
                0x000009ca                FAT_cluster_to_lba
                0x000009eb                FAT_ReadBS
                0x00000a08                FAT_ReadFat
                0x00000a3c                FAT_INIT
                0x00000c9d                FAT_CLOSE
                0x00000ceb                FAT_OpenEntry
                0x00000ee8                FAT_NextCluster
                0x00000f35                FAT_READ
                0x00001180                FAT_READ_ENTRY
                0x000011a1                FAT_GetShortName
                0x0000129a                FAT_FIND_FILE
                0x00001326                FAT_OPEN
 .text          0x00001491       0xe0 /home/tobias/code/OSDev/build/stage2/c/main.obj
                0x00001491                start
 .text          0x00001571       0xaa /home/tobias/code/OSDev/build/stage2/c/mbr.obj
                0x00001571                detectPartition
                0x000015eb                Part_ReadSectors
 .text          0x0000161b      0x11e /home/tobias/code/OSDev/build/stage2/c/memory.obj
                0x0000161b                memcpy
                0x0000166d                memset
                0x000016b0                memcmp
                0x00001710                segoffset_to_linear
 .text          0x00001739      0x510 /home/tobias/code/OSDev/build/stage2/c/stdio.obj
                0x00001739                putchr
                0x00001768                putcolor
                0x0000179a                getchr
                0x000017bc                getcolor
                0x000017e1                clrscr
                0x0000186f                setcursor
                0x000018e0                scrollback
                0x000019ce                putc
                0x00001af3                puts
                0x00001b22                int_to_string
                0x00001c22                putn
 .text          0x00001c49      0x191 /home/tobias/code/OSDev/build/stage2/c/string.obj
                0x00001c49                strlen
                0x00001c6d                strchr
                0x00001cab                strcpy
                0x00001cff                strcmp
                0x00001d88                islower
                0x00001dae                toupper

.data           0x00001ddc        0xc
                0x00001ddc                        __data_start = .
 *(.data)
 .data          0x00001ddc        0x0 /home/tobias/code/OSDev/build/stage2/c/bin.obj
 .data          0x00001ddc        0x0 /home/tobias/code/OSDev/build/stage2/c/disk.obj
 .data          0x00001ddc        0x0 /home/tobias/code/OSDev/build/stage2/c/fat.obj
 .data          0x00001ddc        0x8 /home/tobias/code/OSDev/build/stage2/c/main.obj
                0x00001ddc                KernelLoadBuffer
                0x00001de0                Kernel
 .data          0x00001de4        0x0 /home/tobias/code/OSDev/build/stage2/c/mbr.obj
 .data          0x00001de4        0x0 /home/tobias/code/OSDev/build/stage2/c/memory.obj
 .data          0x00001de4        0x4 /home/tobias/code/OSDev/build/stage2/c/stdio.obj
                0x00001de4                ScreenBuffer
 .data          0x00001de8        0x0 /home/tobias/code/OSDev/build/stage2/c/string.obj

.rodata         0x00001de8      0x201
                0x00001de8                        __rodata_start = .
 *(.rodata)
 .rodata        0x00001de8       0x28 /home/tobias/code/OSDev/build/stage2/c/bin.obj
 .rodata        0x00001e10        0x3 /home/tobias/code/OSDev/build/stage2/c/disk.obj
 *fill*         0x00001e13        0x1 
 .rodata        0x00001e14      0x13e /home/tobias/code/OSDev/build/stage2/c/fat.obj
 *fill*         0x00001f52        0x2 
 .rodata        0x00001f54       0x8c /home/tobias/code/OSDev/build/stage2/c/main.obj
 .rodata        0x00001fe0        0x9 /home/tobias/code/OSDev/build/stage2/c/stdio.obj
                0x00001fe0                SCREEN_WIDTH
                0x00001fe4                SCREEN_HEIGHT
                0x00001fe8                DEFAULT_COLOR

.bss            0x00001fec       0x20
                0x00001fec                        __bss_start = .
 *(.bss)
 .bss           0x00001fec        0x0 /home/tobias/code/OSDev/build/stage2/c/bin.obj
 .bss           0x00001fec        0x0 /home/tobias/code/OSDev/build/stage2/c/disk.obj
 .bss           0x00001fec        0xc /home/tobias/code/OSDev/build/stage2/c/fat.obj
 .bss           0x00001ff8        0xc /home/tobias/code/OSDev/build/stage2/c/main.obj
                0x00001ff8                bootParams
 .bss           0x00002004        0x0 /home/tobias/code/OSDev/build/stage2/c/mbr.obj
 .bss           0x00002004        0x0 /home/tobias/code/OSDev/build/stage2/c/memory.obj
 .bss           0x00002004        0x8 /home/tobias/code/OSDev/build/stage2/c/stdio.obj
                0x00002004                ScreenX
                0x00002008                ScreenY
 .bss           0x0000200c        0x0 /home/tobias/code/OSDev/build/stage2/c/string.obj
                0x0000200c                        __end = .
OUTPUT(/home/tobias/code/OSDev/build/stage2.bin binary)

.debug_info     0x00000000     0x1cac
 .debug_info    0x00000000      0x259 /home/tobias/code/OSDev/build/stage2/c/bin.obj
 .debug_info    0x00000259      0x2d4 /home/tobias/code/OSDev/build/stage2/c/disk.obj
 .debug_info    0x0000052d      0xa31 /home/tobias/code/OSDev/build/stage2/c/fat.obj
 .debug_info    0x00000f5e      0x2bf /home/tobias/code/OSDev/build/stage2/c/main.obj
 .debug_info    0x0000121d      0x274 /home/tobias/code/OSDev/build/stage2/c/mbr.obj
 .debug_info    0x00001491      0x23e /home/tobias/code/OSDev/build/stage2/c/memory.obj
 .debug_info    0x000016cf      0x416 /home/tobias/code/OSDev/build/stage2/c/stdio.obj
 .debug_info    0x00001ae5      0x1c7 /home/tobias/code/OSDev/build/stage2/c/string.obj

.debug_abbrev   0x00000000      0xa20
 .debug_abbrev  0x00000000       0xfe /home/tobias/code/OSDev/build/stage2/c/bin.obj
 .debug_abbrev  0x000000fe      0x15e /home/tobias/code/OSDev/build/stage2/c/disk.obj
 .debug_abbrev  0x0000025c      0x262 /home/tobias/code/OSDev/build/stage2/c/fat.obj
 .debug_abbrev  0x000004be      0x137 /home/tobias/code/OSDev/build/stage2/c/main.obj
 .debug_abbrev  0x000005f5      0x116 /home/tobias/code/OSDev/build/stage2/c/mbr.obj
 .debug_abbrev  0x0000070b       0xc7 /home/tobias/code/OSDev/build/stage2/c/memory.obj
 .debug_abbrev  0x000007d2      0x173 /home/tobias/code/OSDev/build/stage2/c/stdio.obj
 .debug_abbrev  0x00000945       0xdb /home/tobias/code/OSDev/build/stage2/c/string.obj

.debug_aranges  0x00000000      0x100
 .debug_aranges
                0x00000000       0x20 /home/tobias/code/OSDev/build/stage2/c/bin.obj
 .debug_aranges
                0x00000020       0x20 /home/tobias/code/OSDev/build/stage2/c/disk.obj
 .debug_aranges
                0x00000040       0x20 /home/tobias/code/OSDev/build/stage2/c/fat.obj
 .debug_aranges
                0x00000060       0x20 /home/tobias/code/OSDev/build/stage2/c/main.obj
 .debug_aranges
                0x00000080       0x20 /home/tobias/code/OSDev/build/stage2/c/mbr.obj
 .debug_aranges
                0x000000a0       0x20 /home/tobias/code/OSDev/build/stage2/c/memory.obj
 .debug_aranges
                0x000000c0       0x20 /home/tobias/code/OSDev/build/stage2/c/stdio.obj
 .debug_aranges
                0x000000e0       0x20 /home/tobias/code/OSDev/build/stage2/c/string.obj

.debug_line     0x00000000      0xc5b
 .debug_line    0x00000000       0x8b /home/tobias/code/OSDev/build/stage2/c/bin.obj
 .debug_line    0x0000008b       0xf9 /home/tobias/code/OSDev/build/stage2/c/disk.obj
 .debug_line    0x00000184      0x4f1 /home/tobias/code/OSDev/build/stage2/c/fat.obj
 .debug_line    0x00000675       0x94 /home/tobias/code/OSDev/build/stage2/c/main.obj
 .debug_line    0x00000709       0xa6 /home/tobias/code/OSDev/build/stage2/c/mbr.obj
 .debug_line    0x000007af      0x100 /home/tobias/code/OSDev/build/stage2/c/memory.obj
 .debug_line    0x000008af      0x274 /home/tobias/code/OSDev/build/stage2/c/stdio.obj
 .debug_line    0x00000b23      0x138 /home/tobias/code/OSDev/build/stage2/c/string.obj

.debug_str      0x00000000     0x1049
 .debug_str     0x00000000      0x192 /home/tobias/code/OSDev/build/stage2/c/bin.obj
 .debug_str     0x00000192      0x184 /home/tobias/code/OSDev/build/stage2/c/disk.obj
 .debug_str     0x00000316      0x576 /home/tobias/code/OSDev/build/stage2/c/fat.obj
 .debug_str     0x0000088c      0x1f5 /home/tobias/code/OSDev/build/stage2/c/main.obj
 .debug_str     0x00000a81      0x1a6 /home/tobias/code/OSDev/build/stage2/c/mbr.obj
 .debug_str     0x00000c27      0x151 /home/tobias/code/OSDev/build/stage2/c/memory.obj
 .debug_str     0x00000d78      0x1bb /home/tobias/code/OSDev/build/stage2/c/stdio.obj
 .debug_str     0x00000f33      0x116 /home/tobias/code/OSDev/build/stage2/c/string.obj

.debug_line_str
                0x00000000      0x424
 .debug_line_str
                0x00000000       0x8b /home/tobias/code/OSDev/build/stage2/c/bin.obj
 .debug_line_str
                0x0000008b       0x85 /home/tobias/code/OSDev/build/stage2/c/disk.obj
 .debug_line_str
                0x00000110       0x94 /home/tobias/code/OSDev/build/stage2/c/fat.obj
 .debug_line_str
                0x000001a4       0x98 /home/tobias/code/OSDev/build/stage2/c/main.obj
 .debug_line_str
                0x0000023c       0x83 /home/tobias/code/OSDev/build/stage2/c/mbr.obj
 .debug_line_str
                0x000002bf       0x76 /home/tobias/code/OSDev/build/stage2/c/memory.obj
 .debug_line_str
                0x00000335       0x79 /home/tobias/code/OSDev/build/stage2/c/stdio.obj
 .debug_line_str
                0x000003ae       0x76 /home/tobias/code/OSDev/build/stage2/c/string.obj

.comment        0x00000000       0x98
 .comment       0x00000000       0x13 /home/tobias/code/OSDev/build/stage2/c/bin.obj
 .comment       0x00000013       0x13 /home/tobias/code/OSDev/build/stage2/c/disk.obj
 .comment       0x00000026       0x13 /home/tobias/code/OSDev/build/stage2/c/fat.obj
 .comment       0x00000039       0x13 /home/tobias/code/OSDev/build/stage2/c/main.obj
 .comment       0x0000004c       0x13 /home/tobias/code/OSDev/build/stage2/c/mbr.obj
 .comment       0x0000005f       0x13 /home/tobias/code/OSDev/build/stage2/c/memory.obj
 .comment       0x00000072       0x13 /home/tobias/code/OSDev/build/stage2/c/stdio.obj
 .comment       0x00000085       0x13 /home/tobias/code/OSDev/build/stage2/c/string.obj

.debug_frame    0x00000000      0x5b8
 .debug_frame   0x00000000       0x34 /home/tobias/code/OSDev/build/stage2/c/bin.obj
 .debug_frame   0x00000034       0x80 /home/tobias/code/OSDev/build/stage2/c/disk.obj
 .debug_frame   0x000000b4      0x1a4 /home/tobias/code/OSDev/build/stage2/c/fat.obj
 .debug_frame   0x00000258       0x2c /home/tobias/code/OSDev/build/stage2/c/main.obj
 .debug_frame   0x00000284       0x54 /home/tobias/code/OSDev/build/stage2/c/mbr.obj
 .debug_frame   0x000002d8       0x94 /home/tobias/code/OSDev/build/stage2/c/memory.obj
 .debug_frame   0x0000036c      0x178 /home/tobias/code/OSDev/build/stage2/c/stdio.obj
 .debug_frame   0x000004e4       0xd4 /home/tobias/code/OSDev/build/stage2/c/string.obj
