
There are no discarded input sections

Memory Configuration

Name             Origin             Length             Attributes
*default*        0x00000000         0xffffffff

Linker script and memory map

LOAD /home/tobias/code/OSDev/build/stage2/asm/entry.obj
LOAD /home/tobias/code/OSDev/build/stage2/asm/x86.obj
LOAD /home/tobias/code/OSDev/build/stage2/c/bin.obj
LOAD /home/tobias/code/OSDev/build/stage2/c/disk.obj
LOAD /home/tobias/code/OSDev/build/stage2/c/fat.obj
LOAD /home/tobias/code/OSDev/build/stage2/c/main.obj
LOAD /home/tobias/code/OSDev/build/stage2/c/mbr.obj
LOAD /home/tobias/code/OSDev/build/stage2/c/memory.obj
LOAD /home/tobias/code/OSDev/build/stage2/c/stdio.obj
LOAD /home/tobias/code/OSDev/build/stage2/c/string.obj
LOAD /usr/lib/gcc/i686-elf/11.2.0/libgcc.a
                0x00000500                        phys = 0x500
                0x00000500                        . = phys

.entry          0x00000500       0xcc
                0x00000500                        __entry_start = .
 *(.entry)
 .entry         0x00000500       0xcc /home/tobias/code/OSDev/build/stage2/asm/entry.obj
                0x00000500                entry

.text           0x000005d0     0x17cd
                0x000005d0                        __text_start = .
 *(.text)
 .text          0x000005d0      0x1a5 /home/tobias/code/OSDev/build/stage2/asm/x86.obj
                0x000005d0                x86_out
                0x000005db                x86_in
                0x000005e4                x86_Disk_GetDriveParams
                0x000006a7                x86_DiskReset
                0x000006f7                x86_DiskRead
 .text          0x00000775       0xa2 /home/tobias/code/OSDev/build/stage2/c/bin.obj
                0x00000775                BIN_Read
 .text          0x00000817      0x191 /home/tobias/code/OSDev/build/stage2/c/disk.obj
                0x00000817                DiskInit
                0x0000087f                lbaToChs
                0x0000090c                DiskRead
 .text          0x000009a8      0xacf /home/tobias/code/OSDev/build/stage2/c/fat.obj
                0x000009a8                FAT_ReadBS
                0x000009c5                FAT_ReadFat
                0x000009f9                FAT_INIT
                0x00000c5a                FAT_cluster_to_lba
                0x00000c7b                FAT_CLOSE
                0x00000cc9                FAT_OpenEntry
                0x00000ece                FAT_NextCluster
                0x00000f1b                FAT_READ
                0x00001166                FAT_READ_ENTRY
                0x00001187                FAT_GetShortName
                0x00001280                FAT_FIND_FILE
                0x0000130c                FAT_OPEN
 .text          0x00001477       0xbd /home/tobias/code/OSDev/build/stage2/c/main.obj
                0x00001477                start
 .text          0x00001534       0xaa /home/tobias/code/OSDev/build/stage2/c/mbr.obj
                0x00001534                detectPartition
                0x000015ae                Part_ReadSectors
 .text          0x000015de      0x11e /home/tobias/code/OSDev/build/stage2/c/memory.obj
                0x000015de                memcpy
                0x00001630                memset
                0x00001673                memcmp
                0x000016d3                segoffset_to_linear
 .text          0x000016fc      0x510 /home/tobias/code/OSDev/build/stage2/c/stdio.obj
                0x000016fc                putchr
                0x0000172b                putcolor
                0x0000175d                getchr
                0x0000177f                getcolor
                0x000017a4                clrscr
                0x00001832                setcursor
                0x000018a3                scrollback
                0x00001991                putc
                0x00001ab6                puts
                0x00001ae5                int_to_string
                0x00001be5                putn
 .text          0x00001c0c      0x191 /home/tobias/code/OSDev/build/stage2/c/string.obj
                0x00001c0c                strlen
                0x00001c30                strchr
                0x00001c6e                strcpy
                0x00001cc2                strcmp
                0x00001d4b                islower
                0x00001d71                toupper

.data           0x00001da0        0xc
                0x00001da0                        __data_start = .
 *(.data)
 .data          0x00001da0        0x0 /home/tobias/code/OSDev/build/stage2/c/bin.obj
 .data          0x00001da0        0x0 /home/tobias/code/OSDev/build/stage2/c/disk.obj
 .data          0x00001da0        0x0 /home/tobias/code/OSDev/build/stage2/c/fat.obj
 .data          0x00001da0        0x8 /home/tobias/code/OSDev/build/stage2/c/main.obj
                0x00001da0                KernelLoadBuffer
                0x00001da4                Kernel
 .data          0x00001da8        0x0 /home/tobias/code/OSDev/build/stage2/c/mbr.obj
 .data          0x00001da8        0x0 /home/tobias/code/OSDev/build/stage2/c/memory.obj
 .data          0x00001da8        0x4 /home/tobias/code/OSDev/build/stage2/c/stdio.obj
                0x00001da8                ScreenBuffer
 .data          0x00001dac        0x0 /home/tobias/code/OSDev/build/stage2/c/string.obj

.rodata         0x00001dac      0x201
                0x00001dac                        __rodata_start = .
 *(.rodata)
 .rodata        0x00001dac       0x28 /home/tobias/code/OSDev/build/stage2/c/bin.obj
 .rodata        0x00001dd4      0x143 /home/tobias/code/OSDev/build/stage2/c/fat.obj
 *fill*         0x00001f17        0x1 
 .rodata        0x00001f18       0x89 /home/tobias/code/OSDev/build/stage2/c/main.obj
 *fill*         0x00001fa1        0x3 
 .rodata        0x00001fa4        0x9 /home/tobias/code/OSDev/build/stage2/c/stdio.obj
                0x00001fa4                SCREEN_WIDTH
                0x00001fa8                SCREEN_HEIGHT
                0x00001fac                DEFAULT_COLOR

.bss            0x00001fb0       0x20
                0x00001fb0                        __bss_start = .
 *(.bss)
 .bss           0x00001fb0        0x0 /home/tobias/code/OSDev/build/stage2/c/bin.obj
 .bss           0x00001fb0        0x0 /home/tobias/code/OSDev/build/stage2/c/disk.obj
 .bss           0x00001fb0        0xc /home/tobias/code/OSDev/build/stage2/c/fat.obj
 .bss           0x00001fbc        0xc /home/tobias/code/OSDev/build/stage2/c/main.obj
                0x00001fbc                bootParams
 .bss           0x00001fc8        0x0 /home/tobias/code/OSDev/build/stage2/c/mbr.obj
 .bss           0x00001fc8        0x0 /home/tobias/code/OSDev/build/stage2/c/memory.obj
 .bss           0x00001fc8        0x8 /home/tobias/code/OSDev/build/stage2/c/stdio.obj
                0x00001fc8                ScreenX
                0x00001fcc                ScreenY
 .bss           0x00001fd0        0x0 /home/tobias/code/OSDev/build/stage2/c/string.obj
                0x00001fd0                        __end = .
OUTPUT(/home/tobias/code/OSDev/build/stage2.bin binary)

.debug_info     0x00000000     0x1c48
 .debug_info    0x00000000      0x24b /home/tobias/code/OSDev/build/stage2/c/bin.obj
 .debug_info    0x0000024b      0x2a3 /home/tobias/code/OSDev/build/stage2/c/disk.obj
 .debug_info    0x000004ee      0xa0c /home/tobias/code/OSDev/build/stage2/c/fat.obj
 .debug_info    0x00000efa      0x2bf /home/tobias/code/OSDev/build/stage2/c/main.obj
 .debug_info    0x000011b9      0x274 /home/tobias/code/OSDev/build/stage2/c/mbr.obj
 .debug_info    0x0000142d      0x23e /home/tobias/code/OSDev/build/stage2/c/memory.obj
 .debug_info    0x0000166b      0x416 /home/tobias/code/OSDev/build/stage2/c/stdio.obj
 .debug_info    0x00001a81      0x1c7 /home/tobias/code/OSDev/build/stage2/c/string.obj

.debug_abbrev   0x00000000      0xa04
 .debug_abbrev  0x00000000       0xfe /home/tobias/code/OSDev/build/stage2/c/bin.obj
 .debug_abbrev  0x000000fe      0x140 /home/tobias/code/OSDev/build/stage2/c/disk.obj
 .debug_abbrev  0x0000023e      0x264 /home/tobias/code/OSDev/build/stage2/c/fat.obj
 .debug_abbrev  0x000004a2      0x137 /home/tobias/code/OSDev/build/stage2/c/main.obj
 .debug_abbrev  0x000005d9      0x116 /home/tobias/code/OSDev/build/stage2/c/mbr.obj
 .debug_abbrev  0x000006ef       0xc7 /home/tobias/code/OSDev/build/stage2/c/memory.obj
 .debug_abbrev  0x000007b6      0x173 /home/tobias/code/OSDev/build/stage2/c/stdio.obj
 .debug_abbrev  0x00000929       0xdb /home/tobias/code/OSDev/build/stage2/c/string.obj

.debug_aranges  0x00000000      0x100
 .debug_aranges
                0x00000000       0x20 /home/tobias/code/OSDev/build/stage2/c/bin.obj
 .debug_aranges
                0x00000020       0x20 /home/tobias/code/OSDev/build/stage2/c/disk.obj
 .debug_aranges
                0x00000040       0x20 /home/tobias/code/OSDev/build/stage2/c/fat.obj
 .debug_aranges
                0x00000060       0x20 /home/tobias/code/OSDev/build/stage2/c/main.obj
 .debug_aranges
                0x00000080       0x20 /home/tobias/code/OSDev/build/stage2/c/mbr.obj
 .debug_aranges
                0x000000a0       0x20 /home/tobias/code/OSDev/build/stage2/c/memory.obj
 .debug_aranges
                0x000000c0       0x20 /home/tobias/code/OSDev/build/stage2/c/stdio.obj
 .debug_aranges
                0x000000e0       0x20 /home/tobias/code/OSDev/build/stage2/c/string.obj

.debug_line     0x00000000      0xc39
 .debug_line    0x00000000       0x8a /home/tobias/code/OSDev/build/stage2/c/bin.obj
 .debug_line    0x0000008a       0xe4 /home/tobias/code/OSDev/build/stage2/c/disk.obj
 .debug_line    0x0000016e      0x4e9 /home/tobias/code/OSDev/build/stage2/c/fat.obj
 .debug_line    0x00000657       0x90 /home/tobias/code/OSDev/build/stage2/c/main.obj
 .debug_line    0x000006e7       0xa6 /home/tobias/code/OSDev/build/stage2/c/mbr.obj
 .debug_line    0x0000078d      0x100 /home/tobias/code/OSDev/build/stage2/c/memory.obj
 .debug_line    0x0000088d      0x274 /home/tobias/code/OSDev/build/stage2/c/stdio.obj
 .debug_line    0x00000b01      0x138 /home/tobias/code/OSDev/build/stage2/c/string.obj

.debug_str      0x00000000     0x102c
 .debug_str     0x00000000      0x18c /home/tobias/code/OSDev/build/stage2/c/bin.obj
 .debug_str     0x0000018c      0x175 /home/tobias/code/OSDev/build/stage2/c/disk.obj
 .debug_str     0x00000301      0x56e /home/tobias/code/OSDev/build/stage2/c/fat.obj
 .debug_str     0x0000086f      0x1f5 /home/tobias/code/OSDev/build/stage2/c/main.obj
 .debug_str     0x00000a64      0x1a6 /home/tobias/code/OSDev/build/stage2/c/mbr.obj
 .debug_str     0x00000c0a      0x151 /home/tobias/code/OSDev/build/stage2/c/memory.obj
 .debug_str     0x00000d5b      0x1bb /home/tobias/code/OSDev/build/stage2/c/stdio.obj
 .debug_str     0x00000f16      0x116 /home/tobias/code/OSDev/build/stage2/c/string.obj

.debug_line_str
                0x00000000      0x41c
 .debug_line_str
                0x00000000       0x8b /home/tobias/code/OSDev/build/stage2/c/bin.obj
 .debug_line_str
                0x0000008b       0x7d /home/tobias/code/OSDev/build/stage2/c/disk.obj
 .debug_line_str
                0x00000108       0x94 /home/tobias/code/OSDev/build/stage2/c/fat.obj
 .debug_line_str
                0x0000019c       0x98 /home/tobias/code/OSDev/build/stage2/c/main.obj
 .debug_line_str
                0x00000234       0x83 /home/tobias/code/OSDev/build/stage2/c/mbr.obj
 .debug_line_str
                0x000002b7       0x76 /home/tobias/code/OSDev/build/stage2/c/memory.obj
 .debug_line_str
                0x0000032d       0x79 /home/tobias/code/OSDev/build/stage2/c/stdio.obj
 .debug_line_str
                0x000003a6       0x76 /home/tobias/code/OSDev/build/stage2/c/string.obj

.comment        0x00000000       0x98
 .comment       0x00000000       0x13 /home/tobias/code/OSDev/build/stage2/c/bin.obj
 .comment       0x00000013       0x13 /home/tobias/code/OSDev/build/stage2/c/disk.obj
 .comment       0x00000026       0x13 /home/tobias/code/OSDev/build/stage2/c/fat.obj
 .comment       0x00000039       0x13 /home/tobias/code/OSDev/build/stage2/c/main.obj
 .comment       0x0000004c       0x13 /home/tobias/code/OSDev/build/stage2/c/mbr.obj
 .comment       0x0000005f       0x13 /home/tobias/code/OSDev/build/stage2/c/memory.obj
 .comment       0x00000072       0x13 /home/tobias/code/OSDev/build/stage2/c/stdio.obj
 .comment       0x00000085       0x13 /home/tobias/code/OSDev/build/stage2/c/string.obj

.debug_frame    0x00000000      0x5b8
 .debug_frame   0x00000000       0x34 /home/tobias/code/OSDev/build/stage2/c/bin.obj
 .debug_frame   0x00000034       0x80 /home/tobias/code/OSDev/build/stage2/c/disk.obj
 .debug_frame   0x000000b4      0x1a4 /home/tobias/code/OSDev/build/stage2/c/fat.obj
 .debug_frame   0x00000258       0x2c /home/tobias/code/OSDev/build/stage2/c/main.obj
 .debug_frame   0x00000284       0x54 /home/tobias/code/OSDev/build/stage2/c/mbr.obj
 .debug_frame   0x000002d8       0x94 /home/tobias/code/OSDev/build/stage2/c/memory.obj
 .debug_frame   0x0000036c      0x178 /home/tobias/code/OSDev/build/stage2/c/stdio.obj
 .debug_frame   0x000004e4       0xd4 /home/tobias/code/OSDev/build/stage2/c/string.obj
