
There are no discarded input sections

Memory Configuration

Name             Origin             Length             Attributes
*default*        0x00000000         0xffffffff

Linker script and memory map

LOAD /home/tobias/code/OSDev/build/stage2/asm/entry.obj
LOAD /home/tobias/code/OSDev/build/stage2/asm/x86.obj
LOAD /home/tobias/code/OSDev/build/stage2/c/bin.obj
LOAD /home/tobias/code/OSDev/build/stage2/c/disk.obj
LOAD /home/tobias/code/OSDev/build/stage2/c/fat.obj
LOAD /home/tobias/code/OSDev/build/stage2/c/main.obj
LOAD /home/tobias/code/OSDev/build/stage2/c/mbr.obj
LOAD /home/tobias/code/OSDev/build/stage2/c/memory.obj
LOAD /home/tobias/code/OSDev/build/stage2/c/stdio.obj
LOAD /home/tobias/code/OSDev/build/stage2/c/string.obj
LOAD /usr/lib/gcc/i686-elf/11.2.0/libgcc.a
                0x00000500                        phys = 0x500
                0x00000500                        . = phys

.entry          0x00000500       0xcc
                0x00000500                        __entry_start = .
 *(.entry)
 .entry         0x00000500       0xcc /home/tobias/code/OSDev/build/stage2/asm/entry.obj
                0x00000500                entry

.text           0x000005d0     0x1822
                0x000005d0                        __text_start = .
 *(.text)
 .text          0x000005d0      0x1c4 /home/tobias/code/OSDev/build/stage2/asm/x86.obj
                0x000005d0                x86_out
                0x000005db                x86_in
                0x000005e4                x86_DiskReset
                0x0000062f                x86_DiskRead
                0x000006a8                x86_Disk_GetDriveParams
 .text          0x00000794       0xa6 /home/tobias/code/OSDev/build/stage2/c/bin.obj
                0x00000794                BIN_Read
 .text          0x0000083a      0x191 /home/tobias/code/OSDev/build/stage2/c/disk.obj
                0x0000083a                DiskInit
                0x000008a2                lbaToChs
                0x0000092f                DiskRead
 .text          0x000009cb      0xac7 /home/tobias/code/OSDev/build/stage2/c/fat.obj
                0x000009cb                FAT_cluster_to_lba
                0x000009ec                FAT_ReadBS
                0x00000a09                FAT_ReadFat
                0x00000a3d                FAT_INIT
                0x00000c9e                FAT_CLOSE
                0x00000cec                FAT_OpenEntry
                0x00000ee9                FAT_NextCluster
                0x00000f36                FAT_READ
                0x00001181                FAT_READ_ENTRY
                0x000011a2                FAT_GetShortName
                0x0000129b                FAT_FIND_FILE
                0x00001327                FAT_OPEN
 .text          0x00001492       0xf7 /home/tobias/code/OSDev/build/stage2/c/main.obj
                0x00001492                start
 .text          0x00001589       0xaa /home/tobias/code/OSDev/build/stage2/c/mbr.obj
                0x00001589                detectPartition
                0x00001603                Part_ReadSectors
 .text          0x00001633      0x11e /home/tobias/code/OSDev/build/stage2/c/memory.obj
                0x00001633                memcpy
                0x00001685                memset
                0x000016c8                memcmp
                0x00001728                segoffset_to_linear
 .text          0x00001751      0x510 /home/tobias/code/OSDev/build/stage2/c/stdio.obj
                0x00001751                putchr
                0x00001780                putcolor
                0x000017b2                getchr
                0x000017d4                getcolor
                0x000017f9                clrscr
                0x00001887                setcursor
                0x000018f8                scrollback
                0x000019e6                putc
                0x00001b0b                puts
                0x00001b3a                int_to_string
                0x00001c3a                putn
 .text          0x00001c61      0x191 /home/tobias/code/OSDev/build/stage2/c/string.obj
                0x00001c61                strlen
                0x00001c85                strchr
                0x00001cc3                strcpy
                0x00001d17                strcmp
                0x00001da0                islower
                0x00001dc6                toupper

.data           0x00001df4        0xc
                0x00001df4                        __data_start = .
 *(.data)
 .data          0x00001df4        0x0 /home/tobias/code/OSDev/build/stage2/c/bin.obj
 .data          0x00001df4        0x0 /home/tobias/code/OSDev/build/stage2/c/disk.obj
 .data          0x00001df4        0x0 /home/tobias/code/OSDev/build/stage2/c/fat.obj
 .data          0x00001df4        0x8 /home/tobias/code/OSDev/build/stage2/c/main.obj
                0x00001df4                KernelLoadBuffer
                0x00001df8                Kernel
 .data          0x00001dfc        0x0 /home/tobias/code/OSDev/build/stage2/c/mbr.obj
 .data          0x00001dfc        0x0 /home/tobias/code/OSDev/build/stage2/c/memory.obj
 .data          0x00001dfc        0x4 /home/tobias/code/OSDev/build/stage2/c/stdio.obj
                0x00001dfc                ScreenBuffer
 .data          0x00001e00        0x0 /home/tobias/code/OSDev/build/stage2/c/string.obj

.rodata         0x00001e00      0x1e9
                0x00001e00                        __rodata_start = .
 *(.rodata)
 .rodata        0x00001e00       0x28 /home/tobias/code/OSDev/build/stage2/c/bin.obj
 .rodata        0x00001e28      0x120 /home/tobias/code/OSDev/build/stage2/c/fat.obj
 .rodata        0x00001f48       0x98 /home/tobias/code/OSDev/build/stage2/c/main.obj
 .rodata        0x00001fe0        0x9 /home/tobias/code/OSDev/build/stage2/c/stdio.obj
                0x00001fe0                SCREEN_WIDTH
                0x00001fe4                SCREEN_HEIGHT
                0x00001fe8                DEFAULT_COLOR

.bss            0x00001fec       0x20
                0x00001fec                        __bss_start = .
 *(.bss)
 .bss           0x00001fec        0x0 /home/tobias/code/OSDev/build/stage2/c/bin.obj
 .bss           0x00001fec        0x0 /home/tobias/code/OSDev/build/stage2/c/disk.obj
 .bss           0x00001fec        0xc /home/tobias/code/OSDev/build/stage2/c/fat.obj
 .bss           0x00001ff8        0xc /home/tobias/code/OSDev/build/stage2/c/main.obj
                0x00001ff8                bootParams
 .bss           0x00002004        0x0 /home/tobias/code/OSDev/build/stage2/c/mbr.obj
 .bss           0x00002004        0x0 /home/tobias/code/OSDev/build/stage2/c/memory.obj
 .bss           0x00002004        0x8 /home/tobias/code/OSDev/build/stage2/c/stdio.obj
                0x00002004                ScreenX
                0x00002008                ScreenY
 .bss           0x0000200c        0x0 /home/tobias/code/OSDev/build/stage2/c/string.obj
                0x0000200c                        __end = .
OUTPUT(/home/tobias/code/OSDev/build/stage2.bin binary)

.debug_info     0x00000000     0x1c6b
 .debug_info    0x00000000      0x259 /home/tobias/code/OSDev/build/stage2/c/bin.obj
 .debug_info    0x00000259      0x2a3 /home/tobias/code/OSDev/build/stage2/c/disk.obj
 .debug_info    0x000004fc      0xa21 /home/tobias/code/OSDev/build/stage2/c/fat.obj
 .debug_info    0x00000f1d      0x2bf /home/tobias/code/OSDev/build/stage2/c/main.obj
 .debug_info    0x000011dc      0x274 /home/tobias/code/OSDev/build/stage2/c/mbr.obj
 .debug_info    0x00001450      0x23e /home/tobias/code/OSDev/build/stage2/c/memory.obj
 .debug_info    0x0000168e      0x416 /home/tobias/code/OSDev/build/stage2/c/stdio.obj
 .debug_info    0x00001aa4      0x1c7 /home/tobias/code/OSDev/build/stage2/c/string.obj

.debug_abbrev   0x00000000      0xa02
 .debug_abbrev  0x00000000       0xfe /home/tobias/code/OSDev/build/stage2/c/bin.obj
 .debug_abbrev  0x000000fe      0x140 /home/tobias/code/OSDev/build/stage2/c/disk.obj
 .debug_abbrev  0x0000023e      0x262 /home/tobias/code/OSDev/build/stage2/c/fat.obj
 .debug_abbrev  0x000004a0      0x137 /home/tobias/code/OSDev/build/stage2/c/main.obj
 .debug_abbrev  0x000005d7      0x116 /home/tobias/code/OSDev/build/stage2/c/mbr.obj
 .debug_abbrev  0x000006ed       0xc7 /home/tobias/code/OSDev/build/stage2/c/memory.obj
 .debug_abbrev  0x000007b4      0x173 /home/tobias/code/OSDev/build/stage2/c/stdio.obj
 .debug_abbrev  0x00000927       0xdb /home/tobias/code/OSDev/build/stage2/c/string.obj

.debug_aranges  0x00000000      0x100
 .debug_aranges
                0x00000000       0x20 /home/tobias/code/OSDev/build/stage2/c/bin.obj
 .debug_aranges
                0x00000020       0x20 /home/tobias/code/OSDev/build/stage2/c/disk.obj
 .debug_aranges
                0x00000040       0x20 /home/tobias/code/OSDev/build/stage2/c/fat.obj
 .debug_aranges
                0x00000060       0x20 /home/tobias/code/OSDev/build/stage2/c/main.obj
 .debug_aranges
                0x00000080       0x20 /home/tobias/code/OSDev/build/stage2/c/mbr.obj
 .debug_aranges
                0x000000a0       0x20 /home/tobias/code/OSDev/build/stage2/c/memory.obj
 .debug_aranges
                0x000000c0       0x20 /home/tobias/code/OSDev/build/stage2/c/stdio.obj
 .debug_aranges
                0x000000e0       0x20 /home/tobias/code/OSDev/build/stage2/c/string.obj

.debug_line     0x00000000      0xc44
 .debug_line    0x00000000       0x8b /home/tobias/code/OSDev/build/stage2/c/bin.obj
 .debug_line    0x0000008b       0xe4 /home/tobias/code/OSDev/build/stage2/c/disk.obj
 .debug_line    0x0000016f      0x4f1 /home/tobias/code/OSDev/build/stage2/c/fat.obj
 .debug_line    0x00000660       0x92 /home/tobias/code/OSDev/build/stage2/c/main.obj
 .debug_line    0x000006f2       0xa6 /home/tobias/code/OSDev/build/stage2/c/mbr.obj
 .debug_line    0x00000798      0x100 /home/tobias/code/OSDev/build/stage2/c/memory.obj
 .debug_line    0x00000898      0x274 /home/tobias/code/OSDev/build/stage2/c/stdio.obj
 .debug_line    0x00000b0c      0x138 /home/tobias/code/OSDev/build/stage2/c/string.obj

.debug_str      0x00000000     0x1035
 .debug_str     0x00000000      0x192 /home/tobias/code/OSDev/build/stage2/c/bin.obj
 .debug_str     0x00000192      0x175 /home/tobias/code/OSDev/build/stage2/c/disk.obj
 .debug_str     0x00000307      0x571 /home/tobias/code/OSDev/build/stage2/c/fat.obj
 .debug_str     0x00000878      0x1f5 /home/tobias/code/OSDev/build/stage2/c/main.obj
 .debug_str     0x00000a6d      0x1a6 /home/tobias/code/OSDev/build/stage2/c/mbr.obj
 .debug_str     0x00000c13      0x151 /home/tobias/code/OSDev/build/stage2/c/memory.obj
 .debug_str     0x00000d64      0x1bb /home/tobias/code/OSDev/build/stage2/c/stdio.obj
 .debug_str     0x00000f1f      0x116 /home/tobias/code/OSDev/build/stage2/c/string.obj

.debug_line_str
                0x00000000      0x41c
 .debug_line_str
                0x00000000       0x8b /home/tobias/code/OSDev/build/stage2/c/bin.obj
 .debug_line_str
                0x0000008b       0x7d /home/tobias/code/OSDev/build/stage2/c/disk.obj
 .debug_line_str
                0x00000108       0x94 /home/tobias/code/OSDev/build/stage2/c/fat.obj
 .debug_line_str
                0x0000019c       0x98 /home/tobias/code/OSDev/build/stage2/c/main.obj
 .debug_line_str
                0x00000234       0x83 /home/tobias/code/OSDev/build/stage2/c/mbr.obj
 .debug_line_str
                0x000002b7       0x76 /home/tobias/code/OSDev/build/stage2/c/memory.obj
 .debug_line_str
                0x0000032d       0x79 /home/tobias/code/OSDev/build/stage2/c/stdio.obj
 .debug_line_str
                0x000003a6       0x76 /home/tobias/code/OSDev/build/stage2/c/string.obj

.comment        0x00000000       0x98
 .comment       0x00000000       0x13 /home/tobias/code/OSDev/build/stage2/c/bin.obj
 .comment       0x00000013       0x13 /home/tobias/code/OSDev/build/stage2/c/disk.obj
 .comment       0x00000026       0x13 /home/tobias/code/OSDev/build/stage2/c/fat.obj
 .comment       0x00000039       0x13 /home/tobias/code/OSDev/build/stage2/c/main.obj
 .comment       0x0000004c       0x13 /home/tobias/code/OSDev/build/stage2/c/mbr.obj
 .comment       0x0000005f       0x13 /home/tobias/code/OSDev/build/stage2/c/memory.obj
 .comment       0x00000072       0x13 /home/tobias/code/OSDev/build/stage2/c/stdio.obj
 .comment       0x00000085       0x13 /home/tobias/code/OSDev/build/stage2/c/string.obj

.debug_frame    0x00000000      0x5b8
 .debug_frame   0x00000000       0x34 /home/tobias/code/OSDev/build/stage2/c/bin.obj
 .debug_frame   0x00000034       0x80 /home/tobias/code/OSDev/build/stage2/c/disk.obj
 .debug_frame   0x000000b4      0x1a4 /home/tobias/code/OSDev/build/stage2/c/fat.obj
 .debug_frame   0x00000258       0x2c /home/tobias/code/OSDev/build/stage2/c/main.obj
 .debug_frame   0x00000284       0x54 /home/tobias/code/OSDev/build/stage2/c/mbr.obj
 .debug_frame   0x000002d8       0x94 /home/tobias/code/OSDev/build/stage2/c/memory.obj
 .debug_frame   0x0000036c      0x178 /home/tobias/code/OSDev/build/stage2/c/stdio.obj
 .debug_frame   0x000004e4       0xd4 /home/tobias/code/OSDev/build/stage2/c/string.obj
